// Jest Snapshot v1, https://goo.gl/fbAQLP

exports[`Investform component renders a snapshot properly 1`] = `null`;
